C:\Users\office\Desktop\Sobel_Accelerator\hls_component\sobel\hls\.autopilot\db\Sobel.pp.0.cpp:2256:5: warning: Added loop label VITIS_LOOP_676_1:   [xilinx-label-all-loops]
    for (unsigned i = low; i != high+1; ++i) {
    ^~~
    VITIS_LOOP_676_1: 
C:\Users\office\Desktop\Sobel_Accelerator\hls_component\sobel\hls\.autopilot\db\Sobel.pp.0.cpp:2256:5: note: FIX-IT applied suggested code changes
C:\Users\office\Desktop\Sobel_Accelerator\hls_component\sobel\hls\.autopilot\db\Sobel.pp.0.cpp:2270:5: warning: Added loop label VITIS_LOOP_690_1:   [xilinx-label-all-loops]
    for (unsigned i = low; i != high+1; ++i) {
    ^~~
    VITIS_LOOP_690_1: 
C:\Users\office\Desktop\Sobel_Accelerator\hls_component\sobel\hls\.autopilot\db\Sobel.pp.0.cpp:2270:5: note: FIX-IT applied suggested code changes
C:\Users\office\Desktop\Sobel_Accelerator\hls_component\sobel\hls\.autopilot\db\Sobel.pp.0.cpp:2284:5: warning: Added loop label VITIS_LOOP_704_1:   [xilinx-label-all-loops]
    for (unsigned i = low; i != high+1; ++i) {
    ^~~
    VITIS_LOOP_704_1: 
C:\Users\office\Desktop\Sobel_Accelerator\hls_component\sobel\hls\.autopilot\db\Sobel.pp.0.cpp:2284:5: note: FIX-IT applied suggested code changes
C:\Users\office\Desktop\Sobel_Accelerator\hls_component\sobel\hls\.autopilot\db\Sobel.pp.0.cpp:3918:7: warning: Added loop label VITIS_LOOP_1248_1:   [xilinx-label-all-loops]
      for (i = 0; i < __N - 1; ++i) {
      ^~~
      VITIS_LOOP_1248_1: 
C:\Users\office\Desktop\Sobel_Accelerator\hls_component\sobel\hls\.autopilot\db\Sobel.pp.0.cpp:3918:7: note: FIX-IT applied suggested code changes
C:\Users\office\Desktop\Sobel_Accelerator\hls_component\sobel\hls\.autopilot\db\Sobel.pp.0.cpp:9759:2: warning: Added loop label VITIS_LOOP_21_1:   [xilinx-label-all-loops]
 for (int row = 0; row < 256 + 1; row++) {
 ^~~
 VITIS_LOOP_21_1: 
C:\Users\office\Desktop\Sobel_Accelerator\hls_component\sobel\hls\.autopilot\db\Sobel.pp.0.cpp:9759:2: note: FIX-IT applied suggested code changes
C:\Users\office\Desktop\Sobel_Accelerator\hls_component\sobel\hls\.autopilot\db\Sobel.pp.0.cpp:9760:9: warning: Added loop label VITIS_LOOP_22_2:   [xilinx-label-all-loops]
        for (int col = 0; col < 256 + 1; col++) {
        ^~~
        VITIS_LOOP_22_2: 
C:\Users\office\Desktop\Sobel_Accelerator\hls_component\sobel\hls\.autopilot\db\Sobel.pp.0.cpp:9760:9: note: FIX-IT applied suggested code changes
C:\Users\office\Desktop\Sobel_Accelerator\hls_component\sobel\hls\.autopilot\db\Sobel.pp.0.cpp:9775:17: warning: Added loop label VITIS_LOOP_37_3:   [xilinx-label-all-loops]
                for (int i = 0; i < 3; i++) {
                ^~~
                VITIS_LOOP_37_3: 
C:\Users\office\Desktop\Sobel_Accelerator\hls_component\sobel\hls\.autopilot\db\Sobel.pp.0.cpp:9775:17: note: FIX-IT applied suggested code changes
C:\Users\office\Desktop\Sobel_Accelerator\hls_component\sobel\hls\.autopilot\db\Sobel.pp.0.cpp:9776:21: warning: Added loop label VITIS_LOOP_38_4:   [xilinx-label-all-loops]
                    for (int j = 0; j < 3; j++) {
                    ^~~
                    VITIS_LOOP_38_4: 
C:\Users\office\Desktop\Sobel_Accelerator\hls_component\sobel\hls\.autopilot\db\Sobel.pp.0.cpp:9776:21: note: FIX-IT applied suggested code changes
