

================================================================
== Vitis HLS Report for 'sobel'
================================================================
* Date:           Thu May  1 02:11:11 2025

* Version:        2024.2 (Build 5238294 on Nov  8 2024)
* Project:        sobel
* Solution:       hls (Vivado IP Flow Target)
* Product family: zynq
* Target device:  xc7z020-clg400-1


================================================================
== Performance Estimates
================================================================
+ Timing: 
    * Summary: 
    +--------+----------+----------+------------+
    |  Clock |  Target  | Estimated| Uncertainty|
    +--------+----------+----------+------------+
    |ap_clk  |  10.00 ns|  8.512 ns|     1.25 ns|
    +--------+----------+----------+------------+

+ Latency: 
    * Summary: 
    +---------+---------+----------+----------+-------+-------+------------------------------------------------+
    |  Latency (cycles) |  Latency (absolute) |    Interval   |                    Pipeline                    |
    |   min   |   max   |    min   |    max   |  min  |  max  |                      Type                      |
    +---------+---------+----------+----------+-------+-------+------------------------------------------------+
    |    66069|    66069|  0.661 ms|  0.661 ms|  66049|  66049|  loop auto-rewind stp (delay=0 clock cycles(s))|
    +---------+---------+----------+----------+-------+-------+------------------------------------------------+

    + Detail: 
        * Instance: 
        N/A

        * Loop: 
        +-----------------------------------+---------+---------+----------+-----------+-----------+-------+----------+
        |                                   |  Latency (cycles) | Iteration|  Initiation Interval  |  Trip |          |
        |             Loop Name             |   min   |   max   |  Latency |  achieved |   target  | Count | Pipelined|
        +-----------------------------------+---------+---------+----------+-----------+-----------+-------+----------+
        |- VITIS_LOOP_21_1_VITIS_LOOP_22_2  |    66067|    66067|        20|          1|          1|  66049|       yes|
        +-----------------------------------+---------+---------+----------+-----------+-----------+-------+----------+



================================================================
== Utilization Estimates
================================================================
* Summary: 
+-----------------+---------+-----+--------+-------+-----+
|       Name      | BRAM_18K| DSP |   FF   |  LUT  | URAM|
+-----------------+---------+-----+--------+-------+-----+
|DSP              |        -|    -|       -|      -|    -|
|Expression       |        -|    -|       0|    525|    -|
|FIFO             |        -|    -|       -|      -|    -|
|Instance         |        -|    1|     238|    355|    -|
|Memory           |        3|    -|      96|     66|    0|
|Multiplexer      |        -|    -|       0|    219|    -|
|Register         |        -|    -|    1122|    416|    -|
+-----------------+---------+-----+--------+-------+-----+
|Total            |        3|    1|    1456|   1581|    0|
+-----------------+---------+-----+--------+-------+-----+
|Available        |      280|  220|  106400|  53200|    0|
+-----------------+---------+-----+--------+-------+-----+
|Utilization (%)  |        1|   ~0|       1|      2|    0|
+-----------------+---------+-----+--------+-------+-----+

+ Detail: 
    * Instance: 
    +-------------------------+---------------------+---------+----+-----+-----+-----+
    |         Instance        |        Module       | BRAM_18K| DSP|  FF | LUT | URAM|
    +-------------------------+---------------------+---------+----+-----+-----+-----+
    |mul_8ns_10ns_17_1_1_U3   |mul_8ns_10ns_17_1_1  |        0|   0|    0|   63|    0|
    |mul_8ns_10ns_17_1_1_U4   |mul_8ns_10ns_17_1_1  |        0|   0|    0|   63|    0|
    |mul_9ns_11ns_19_1_1_U2   |mul_9ns_11ns_19_1_1  |        0|   1|    0|    6|    0|
    |sparsemux_7_2_8_1_1_U5   |sparsemux_7_2_8_1_1  |        0|   0|    0|    9|    0|
    |sparsemux_7_2_8_1_1_U6   |sparsemux_7_2_8_1_1  |        0|   0|    0|    9|    0|
    |sparsemux_7_2_8_1_1_U7   |sparsemux_7_2_8_1_1  |        0|   0|    0|    9|    0|
    |sparsemux_7_2_8_1_1_U8   |sparsemux_7_2_8_1_1  |        0|   0|    0|    9|    0|
    |sparsemux_7_2_8_1_1_U9   |sparsemux_7_2_8_1_1  |        0|   0|    0|    9|    0|
    |sparsemux_7_2_8_1_1_U10  |sparsemux_7_2_8_1_1  |        0|   0|    0|    9|    0|
    |sparsemux_7_2_8_1_1_U11  |sparsemux_7_2_8_1_1  |        0|   0|    0|    9|    0|
    |urem_9ns_3ns_2_13_1_U1   |urem_9ns_3ns_2_13_1  |        0|   0|  238|  160|    0|
    +-------------------------+---------------------+---------+----+-----+-----+-----+
    |Total                    |                     |        0|   1|  238|  355|    0|
    +-------------------------+---------------------+---------+----+-----+-----+-----+

    * DSP: 
    N/A

    * Memory: 
    +--------------------+----------------------------------+---------+----+----+-----+------+-----+------+-------------+
    |       Memory       |              Module              | BRAM_18K| FF | LUT| URAM| Words| Bits| Banks| W*Bits*Banks|
    +--------------------+----------------------------------+---------+----+----+-----+------+-----+------+-------------+
    |line_buffer_1_U     |line_buffer_1_RAM_1WNR_AUTO_1R1W  |        3|   0|   0|    0|   256|    8|     1|         2048|
    |line_buffer_3_U     |line_buffer_3_RAM_AUTO_1R1W       |        0|  16|  11|    0|    86|    8|     1|          688|
    |line_buffer_4_U     |line_buffer_3_RAM_AUTO_1R1W       |        0|  16|  11|    0|    86|    8|     1|          688|
    |line_buffer_5_U     |line_buffer_3_RAM_AUTO_1R1W       |        0|  16|  11|    0|    86|    8|     1|          688|
    |line_buffer_U       |line_buffer_RAM_1WNR_AUTO_1R1W    |        0|  16|  11|    0|    86|    8|     1|          688|
    |line_buffer_1_17_U  |line_buffer_RAM_1WNR_AUTO_1R1W    |        0|  16|  11|    0|    86|    8|     1|          688|
    |line_buffer_2_U     |line_buffer_RAM_1WNR_AUTO_1R1W    |        0|  16|  11|    0|    86|    8|     1|          688|
    +--------------------+----------------------------------+---------+----+----+-----+------+-----+------+-------------+
    |Total               |                                  |        3|  96|  66|    0|   772|   56|     7|         6176|
    +--------------------+----------------------------------+---------+----+----+-----+------+-----+------+-------------+

    * FIFO: 
    N/A

    * Expression: 
    +------------------------------------+----------+----+---+----+------------+------------+
    |            Variable Name           | Operation| DSP| FF| LUT| Bitwidth P0| Bitwidth P1|
    +------------------------------------+----------+----+---+----+------------+------------+
    |add_ln21_fu_630_p2                  |         +|   0|  0|  24|          17|           1|
    |add_ln41_1_fu_737_p2                |         +|   0|  0|  15|           8|           2|
    |add_ln41_fu_732_p2                  |         +|   0|  0|  15|           8|           3|
    |add_ln43_fu_1080_p2                 |         +|   0|  0|  13|          10|          10|
    |add_ln52_fu_1205_p2                 |         +|   0|  0|  15|           8|           8|
    |col_fu_658_p2                       |         +|   0|  0|  14|           9|           1|
    |gx_1_fu_985_p2                      |         +|   0|  0|  12|          11|          11|
    |gx_2_fu_1003_p2                     |         +|   0|  0|  12|          11|          11|
    |gx_5_fu_1119_p2                     |         +|   0|  0|  12|          11|          11|
    |gy_3_fu_1090_p2                     |         +|   0|  0|  12|          11|          11|
    |gy_4_fu_1124_p2                     |         +|   0|  0|  12|          11|          11|
    |mag_fu_1211_p2                      |         +|   0|  0|  12|          11|          11|
    |row_fu_670_p2                       |         +|   0|  0|  14|           9|           1|
    |gx_4_fu_1043_p2                     |         -|   0|  0|  12|          11|          11|
    |gx_fu_954_p2                        |         -|   0|  0|  14|           9|           9|
    |gy_1_fu_930_p2                      |         -|   0|  0|  12|          11|          11|
    |gy_fu_904_p2                        |         -|   0|  0|  12|          11|          11|
    |neg1_fu_1177_p2                     |         -|   0|  0|  13|           1|          10|
    |neg_fu_1149_p2                      |         -|   0|  0|  13|           1|          10|
    |sub_ln42_fu_975_p2                  |         -|   0|  0|  13|           1|          10|
    |sub_ln43_fu_894_p2                  |         -|   0|  0|  13|           1|          10|
    |and_ln35_fu_652_p2                  |       and|   0|  0|   2|           1|           1|
    |ap_block_state14_pp0_stage0_iter13  |       and|   0|  0|   2|           1|           1|
    |ap_block_state19_pp0_stage0_iter18  |       and|   0|  0|   2|           1|           1|
    |ap_condition_1408                   |       and|   0|  0|   2|           1|           1|
    |ap_condition_283                    |       and|   0|  0|   2|           1|           1|
    |ap_condition_606                    |       and|   0|  0|   2|           1|           1|
    |abscond2_fu_1183_p2                 |      icmp|   0|  0|  12|          11|           1|
    |abscond_fu_1155_p2                  |      icmp|   0|  0|  12|          11|           1|
    |icmp14_fu_587_p2                    |      icmp|   0|  0|  15|           8|           1|
    |icmp_ln21_fu_676_p2                 |      icmp|   0|  0|  24|          17|          17|
    |icmp_ln22_fu_664_p2                 |      icmp|   0|  0|  14|           9|           9|
    |icmp_ln35_fu_646_p2                 |      icmp|   0|  0|  15|           8|           1|
    |icmp_ln50_fu_1227_p2                |      icmp|   0|  0|  11|           3|           1|
    |pix_out_last_fu_762_p2              |      icmp|   0|  0|  13|           9|          10|
    |ap_block_pp0_stage0_01001           |        or|   0|  0|   2|           1|           1|
    |ap_block_state20_pp0_stage0_iter19  |        or|   0|  0|   2|           1|           1|
    |or_ln27_fu_616_p2                   |        or|   0|  0|   9|           9|           9|
    |abs3_fu_1189_p3                     |    select|   0|  0|  10|           1|          10|
    |abs_fu_1161_p3                      |    select|   0|  0|  10|           1|          10|
    |conv_2218_pn_fu_943_p3              |    select|   0|  0|   8|           1|           1|
    |gx_3_fu_1009_p3                     |    select|   0|  0|  11|           1|          11|
    |gx_6_fu_1139_p3                     |    select|   0|  0|  11|           1|          11|
    |gy_2_fu_936_p3                      |    select|   0|  0|  11|           1|          11|
    |gy_5_fu_1129_p3                     |    select|   0|  0|  11|           1|          11|
    |out_stream_TDATA_int_regslice       |    select|   0|  0|   8|           1|           2|
    |row_2_fu_569_p3                     |    select|   0|  0|   9|           1|           9|
    |select_ln21_fu_561_p3               |    select|   0|  0|   9|           1|           1|
    |ap_enable_pp0                       |       xor|   0|  0|   2|           1|           2|
    +------------------------------------+----------+----+---+----+------------+------------+
    |Total                               |          |   0|  0| 525|         285|         311|
    +------------------------------------+----------+----+---+----+------------+------------+

    * Multiplexer: 
    +---------------------------------------+----+-----------+-----+-----------+
    |                  Name                 | LUT| Input Size| Bits| Total Bits|
    +---------------------------------------+----+-----------+-----+-----------+
    |ap_phi_mux_icmp_ln2210_phi_fu_498_p4   |   9|          2|    1|          2|
    |ap_sig_allocacmp_col9_load             |   9|          2|    9|         18|
    |ap_sig_allocacmp_indvar_flatten7_load  |   9|          2|   17|         34|
    |ap_sig_allocacmp_row8_load             |   9|          2|    9|         18|
    |ap_sig_allocacmp_row_111_load          |   9|          2|    9|         18|
    |col9_fu_150                            |   9|          2|    9|         18|
    |in_stream_TDATA_blk_n                  |   9|          2|    1|          2|
    |indvar_flatten7_fu_142                 |   9|          2|   17|         34|
    |line_buffer_1_17_address0_local        |  20|          4|    7|         28|
    |line_buffer_2_address0_local           |  20|          4|    7|         28|
    |line_buffer_3_address1_local           |  20|          4|    7|         28|
    |line_buffer_4_address1_local           |  20|          4|    7|         28|
    |line_buffer_5_address1_local           |  20|          4|    7|         28|
    |line_buffer_address0_local             |  20|          4|    7|         28|
    |out_stream_TDATA_blk_n                 |   9|          2|    1|          2|
    |row8_fu_146                            |   9|          2|    9|         18|
    |row_111_fu_154                         |   9|          2|    9|         18|
    +---------------------------------------+----+-----------+-----+-----------+
    |Total                                  | 219|         46|  133|        350|
    +---------------------------------------+----+-----------+-----+-----------+

    * Register: 
    +-------------------------------------+----+----+-----+-----------+
    |                 Name                | FF | LUT| Bits| Const Bits|
    +-------------------------------------+----+----+-----+-----------+
    |add_ln41_reg_1349                    |   8|   0|    8|          0|
    |add_ln52_reg_1512                    |   8|   0|    8|          0|
    |and_ln35_reg_1305                    |   1|   0|    1|          0|
    |ap_CS_fsm                            |   1|   0|    1|          0|
    |ap_enable_reg_pp0_iter1              |   1|   0|    1|          0|
    |ap_enable_reg_pp0_iter10             |   1|   0|    1|          0|
    |ap_enable_reg_pp0_iter11             |   1|   0|    1|          0|
    |ap_enable_reg_pp0_iter12             |   1|   0|    1|          0|
    |ap_enable_reg_pp0_iter13             |   1|   0|    1|          0|
    |ap_enable_reg_pp0_iter14             |   1|   0|    1|          0|
    |ap_enable_reg_pp0_iter15             |   1|   0|    1|          0|
    |ap_enable_reg_pp0_iter16             |   1|   0|    1|          0|
    |ap_enable_reg_pp0_iter17             |   1|   0|    1|          0|
    |ap_enable_reg_pp0_iter18             |   1|   0|    1|          0|
    |ap_enable_reg_pp0_iter19             |   1|   0|    1|          0|
    |ap_enable_reg_pp0_iter2              |   1|   0|    1|          0|
    |ap_enable_reg_pp0_iter3              |   1|   0|    1|          0|
    |ap_enable_reg_pp0_iter4              |   1|   0|    1|          0|
    |ap_enable_reg_pp0_iter5              |   1|   0|    1|          0|
    |ap_enable_reg_pp0_iter6              |   1|   0|    1|          0|
    |ap_enable_reg_pp0_iter7              |   1|   0|    1|          0|
    |ap_enable_reg_pp0_iter8              |   1|   0|    1|          0|
    |ap_enable_reg_pp0_iter9              |   1|   0|    1|          0|
    |col9_fu_150                          |   9|   0|    9|          0|
    |gx_4_reg_1500                        |  11|   0|   11|          0|
    |gy_3_reg_1506                        |  11|   0|   11|          0|
    |icmp_ln21_reg_1314                   |   1|   0|    1|          0|
    |icmp_ln22_reg_1309                   |   1|   0|    1|          0|
    |indvar_flatten7_fu_142               |  17|   0|   17|          0|
    |line_buffer_1_addr_reg_1299          |   8|   0|    8|          0|
    |line_buffer_1_load_3_reg_1485        |   8|   0|    8|          0|
    |line_buffer_1_load_reg_1318          |   8|   0|    8|          0|
    |line_buffer_2_load_3_reg_1490        |   8|   0|    8|          0|
    |line_buffer_load_3_reg_1480          |   8|   0|    8|          0|
    |pix_out_last_reg_1360                |   1|   0|    1|          0|
    |px_3_reg_1475                        |   8|   0|    8|          0|
    |px_3_reg_1475_pp0_iter15_reg         |   8|   0|    8|          0|
    |reg_505                              |   8|   0|    8|          0|
    |reg_505_pp0_iter15_reg               |   8|   0|    8|          0|
    |reg_509                              |   8|   0|    8|          0|
    |reg_509_pp0_iter15_reg               |   8|   0|    8|          0|
    |reg_513                              |   8|   0|    8|          0|
    |reg_513_pp0_iter15_reg               |   8|   0|    8|          0|
    |reg_517                              |   8|   0|    8|          0|
    |reg_521                              |   8|   0|    8|          0|
    |reg_525                              |   8|   0|    8|          0|
    |row8_fu_146                          |   9|   0|    9|          0|
    |row_111_fu_154                       |   9|   0|    9|          0|
    |select_ln21_reg_1268                 |   9|   0|    9|          0|
    |tmp_10_reg_1517                      |   3|   0|    3|          0|
    |tmp_3_reg_1286                       |   1|   0|    1|          0|
    |tmp_4_reg_1295                       |   1|   0|    1|          0|
    |tmp_7_reg_1355                       |   7|   0|    7|          0|
    |trunc_ln22_1_reg_1338                |   2|   0|    2|          0|
    |trunc_ln22_reg_1280                  |   8|   0|    8|          0|
    |zext_ln22_1_reg_1325                 |   8|   0|   64|         56|
    |zext_ln22_1_reg_1325_pp0_iter13_reg  |   8|   0|   64|         56|
    |zext_ln22_reg_1275                   |   9|   0|   64|         55|
    |and_ln35_reg_1305                    |  64|  32|    1|          0|
    |line_buffer_1_addr_reg_1299          |  64|  32|    8|          0|
    |line_buffer_1_load_reg_1318          |  64|  32|    8|          0|
    |pix_out_last_reg_1360                |  64|  32|    1|          0|
    |reg_517                              |  64|  32|    8|          0|
    |reg_521                              |  64|  32|    8|          0|
    |reg_525                              |  64|  32|    8|          0|
    |select_ln21_reg_1268                 |  64|  32|    9|          0|
    |tmp_3_reg_1286                       |  64|  32|    1|          0|
    |tmp_4_reg_1295                       |  64|  32|    1|          0|
    |trunc_ln22_1_reg_1338                |  64|  32|    2|          0|
    |trunc_ln22_reg_1280                  |  64|  32|    8|          0|
    |zext_ln22_reg_1275                   |  64|  32|   64|         55|
    +-------------------------------------+----+----+-----+-----------+
    |Total                                |1122| 416|  584|        222|
    +-------------------------------------+----+----+-----+-----------+



================================================================
== Interface
================================================================
* Summary: 
+-------------------+-----+-----+--------------+---------------------+--------------+
|     RTL Ports     | Dir | Bits|   Protocol   |    Source Object    |    C Type    |
+-------------------+-----+-----+--------------+---------------------+--------------+
|ap_clk             |   in|    1|  ap_ctrl_none|                sobel|  return value|
|ap_rst_n           |   in|    1|  ap_ctrl_none|                sobel|  return value|
|in_stream_TVALID   |   in|    1|          axis|   in_stream_V_dest_V|       pointer|
|in_stream_TREADY   |  out|    1|          axis|   in_stream_V_dest_V|       pointer|
|in_stream_TDEST    |   in|    1|          axis|   in_stream_V_dest_V|       pointer|
|out_stream_TREADY  |   in|    1|          axis|  out_stream_V_dest_V|       pointer|
|out_stream_TVALID  |  out|    1|          axis|  out_stream_V_dest_V|       pointer|
|out_stream_TDEST   |  out|    1|          axis|  out_stream_V_dest_V|       pointer|
|in_stream_TDATA    |   in|    8|          axis|   in_stream_V_data_V|       pointer|
|in_stream_TKEEP    |   in|    1|          axis|   in_stream_V_keep_V|       pointer|
|in_stream_TSTRB    |   in|    1|          axis|   in_stream_V_strb_V|       pointer|
|in_stream_TUSER    |   in|    1|          axis|   in_stream_V_user_V|       pointer|
|in_stream_TLAST    |   in|    1|          axis|   in_stream_V_last_V|       pointer|
|in_stream_TID      |   in|    1|          axis|     in_stream_V_id_V|       pointer|
|out_stream_TDATA   |  out|    8|          axis|  out_stream_V_data_V|       pointer|
|out_stream_TKEEP   |  out|    1|          axis|  out_stream_V_keep_V|       pointer|
|out_stream_TSTRB   |  out|    1|          axis|  out_stream_V_strb_V|       pointer|
|out_stream_TUSER   |  out|    1|          axis|  out_stream_V_user_V|       pointer|
|out_stream_TLAST   |  out|    1|          axis|  out_stream_V_last_V|       pointer|
|out_stream_TID     |  out|    1|          axis|    out_stream_V_id_V|       pointer|
+-------------------+-----+-----+--------------+---------------------+--------------+

