
*** Running vivado
    with args -log Sobel_design_wrapper.vds -m64 -product Vivado -mode batch -messageDb vivado.pb -notrace -source Sobel_design_wrapper.tcl



****** Vivado v2024.2 (64-bit)
  **** SW Build 5239630 on Fri Nov 08 22:35:27 MST 2024
  **** IP Build 5239520 on Sun Nov 10 16:12:51 MST 2024
  **** SharedData Build 5239561 on Fri Nov 08 14:39:27 MST 2024
  **** Start of session at: Fri May  2 03:16:08 2025
    ** Copyright 1986-2022 Xilinx, Inc. All Rights Reserved.
    ** Copyright 2022-2024 Advanced Micro Devices, Inc. All Rights Reserved.

source Sobel_design_wrapper.tcl -notrace
INFO: [IP_Flow 19-234] Refreshing IP repositories
INFO: [IP_Flow 19-1700] Loaded user IP repository 'c:/Users/office/Desktop/Sobel_Accelerator/Sobel_Edge_detection/ip_repo'.
INFO: [IP_Flow 19-2313] Loaded Vivado IP repository 'C:/Xilinx/Vivado/2024.2/data/ip'.
Command: read_checkpoint -auto_incremental -incremental C:/Users/office/Desktop/X_MEN_SOBEL/Sobel_Bd_X-Men/Sobel_Bd_X-Men.srcs/utils_1/imports/synth_1/Sobel_design_wrapper.dcp
INFO: [Vivado 12-5825] Read reference checkpoint from C:/Users/office/Desktop/X_MEN_SOBEL/Sobel_Bd_X-Men/Sobel_Bd_X-Men.srcs/utils_1/imports/synth_1/Sobel_design_wrapper.dcp for incremental synthesis
INFO: [Vivado 12-7989] Please ensure there are no constraint changes
Command: synth_design -top Sobel_design_wrapper -part xc7z020clg400-1
Starting synth_design
Attempting to get a license for feature 'Synthesis' and/or device 'xc7z020'
INFO: [Common 17-349] Got license for feature 'Synthesis' and/or device 'xc7z020'
INFO: [Device 21-403] Loading part xc7z020clg400-1
INFO: [Designutils 20-5440] No compile time benefit to using incremental synthesis; A full resynthesis will be run
INFO: [Designutils 20-4379] Flow is switching to default flow due to incremental criteria not met. If you would like to alter this behaviour and have the flow terminate instead, please set the following parameter config_implementation {autoIncr.Synth.RejectBehavior Terminate}
INFO: [Synth 8-7079] Multithreading enabled for synth_design using a maximum of 2 processes.
INFO: [Synth 8-7078] Launching helper process for spawning children vivado processes
INFO: [Synth 8-7075] Helper process launched with PID 60312
---------------------------------------------------------------------------------
Starting RTL Elaboration : Time (s): cpu = 00:00:07 ; elapsed = 00:00:08 . Memory (MB): peak = 1141.891 ; gain = 468.691
---------------------------------------------------------------------------------
INFO: [Synth 8-6157] synthesizing module 'Sobel_design_wrapper' [C:/Users/office/Desktop/X_MEN_SOBEL/Sobel_design/hdl/Sobel_design_wrapper.v:13]
INFO: [Synth 8-6157] synthesizing module 'Sobel_design' [C:/Users/office/Desktop/X_MEN_SOBEL/Sobel_design/synth/Sobel_design.v:13]
INFO: [Synth 8-6157] synthesizing module 'Sobel_design_axi_dma_0_0' [C:/Users/office/Desktop/X_MEN_SOBEL/Sobel_Bd_X-Men/Sobel_Bd_X-Men.runs/synth_1/.Xil/Vivado-86604-DESKTOP-PREBUPB/realtime/Sobel_design_axi_dma_0_0_stub.v:6]
INFO: [Synth 8-6155] done synthesizing module 'Sobel_design_axi_dma_0_0' (0#1) [C:/Users/office/Desktop/X_MEN_SOBEL/Sobel_Bd_X-Men/Sobel_Bd_X-Men.runs/synth_1/.Xil/Vivado-86604-DESKTOP-PREBUPB/realtime/Sobel_design_axi_dma_0_0_stub.v:6]
WARNING: [Synth 8-7071] port 'm_axi_sg_awaddr' of module 'Sobel_design_axi_dma_0_0' is unconnected for instance 'axi_dma_0' [C:/Users/office/Desktop/X_MEN_SOBEL/Sobel_design/synth/Sobel_design.v:85]
WARNING: [Synth 8-7071] port 'm_axi_sg_awlen' of module 'Sobel_design_axi_dma_0_0' is unconnected for instance 'axi_dma_0' [C:/Users/office/Desktop/X_MEN_SOBEL/Sobel_design/synth/Sobel_design.v:85]
WARNING: [Synth 8-7071] port 'm_axi_sg_awsize' of module 'Sobel_design_axi_dma_0_0' is unconnected for instance 'axi_dma_0' [C:/Users/office/Desktop/X_MEN_SOBEL/Sobel_design/synth/Sobel_design.v:85]
WARNING: [Synth 8-7071] port 'm_axi_sg_awburst' of module 'Sobel_design_axi_dma_0_0' is unconnected for instance 'axi_dma_0' [C:/Users/office/Desktop/X_MEN_SOBEL/Sobel_design/synth/Sobel_design.v:85]
WARNING: [Synth 8-7071] port 'm_axi_sg_awprot' of module 'Sobel_design_axi_dma_0_0' is unconnected for instance 'axi_dma_0' [C:/Users/office/Desktop/X_MEN_SOBEL/Sobel_design/synth/Sobel_design.v:85]
WARNING: [Synth 8-7071] port 'm_axi_sg_awcache' of module 'Sobel_design_axi_dma_0_0' is unconnected for instance 'axi_dma_0' [C:/Users/office/Desktop/X_MEN_SOBEL/Sobel_design/synth/Sobel_design.v:85]
WARNING: [Synth 8-7071] port 'm_axi_sg_awvalid' of module 'Sobel_design_axi_dma_0_0' is unconnected for instance 'axi_dma_0' [C:/Users/office/Desktop/X_MEN_SOBEL/Sobel_design/synth/Sobel_design.v:85]
WARNING: [Synth 8-7071] port 'm_axi_sg_wdata' of module 'Sobel_design_axi_dma_0_0' is unconnected for instance 'axi_dma_0' [C:/Users/office/Desktop/X_MEN_SOBEL/Sobel_design/synth/Sobel_design.v:85]
WARNING: [Synth 8-7071] port 'm_axi_sg_wstrb' of module 'Sobel_design_axi_dma_0_0' is unconnected for instance 'axi_dma_0' [C:/Users/office/Desktop/X_MEN_SOBEL/Sobel_design/synth/Sobel_design.v:85]
WARNING: [Synth 8-7071] port 'm_axi_sg_wlast' of module 'Sobel_design_axi_dma_0_0' is unconnected for instance 'axi_dma_0' [C:/Users/office/Desktop/X_MEN_SOBEL/Sobel_design/synth/Sobel_design.v:85]
WARNING: [Synth 8-7071] port 'm_axi_sg_wvalid' of module 'Sobel_design_axi_dma_0_0' is unconnected for instance 'axi_dma_0' [C:/Users/office/Desktop/X_MEN_SOBEL/Sobel_design/synth/Sobel_design.v:85]
WARNING: [Synth 8-7071] port 'm_axi_sg_bready' of module 'Sobel_design_axi_dma_0_0' is unconnected for instance 'axi_dma_0' [C:/Users/office/Desktop/X_MEN_SOBEL/Sobel_design/synth/Sobel_design.v:85]
WARNING: [Synth 8-7071] port 'm_axi_sg_araddr' of module 'Sobel_design_axi_dma_0_0' is unconnected for instance 'axi_dma_0' [C:/Users/office/Desktop/X_MEN_SOBEL/Sobel_design/synth/Sobel_design.v:85]
WARNING: [Synth 8-7071] port 'm_axi_sg_arlen' of module 'Sobel_design_axi_dma_0_0' is unconnected for instance 'axi_dma_0' [C:/Users/office/Desktop/X_MEN_SOBEL/Sobel_design/synth/Sobel_design.v:85]
WARNING: [Synth 8-7071] port 'm_axi_sg_arsize' of module 'Sobel_design_axi_dma_0_0' is unconnected for instance 'axi_dma_0' [C:/Users/office/Desktop/X_MEN_SOBEL/Sobel_design/synth/Sobel_design.v:85]
WARNING: [Synth 8-7071] port 'm_axi_sg_arburst' of module 'Sobel_design_axi_dma_0_0' is unconnected for instance 'axi_dma_0' [C:/Users/office/Desktop/X_MEN_SOBEL/Sobel_design/synth/Sobel_design.v:85]
WARNING: [Synth 8-7071] port 'm_axi_sg_arprot' of module 'Sobel_design_axi_dma_0_0' is unconnected for instance 'axi_dma_0' [C:/Users/office/Desktop/X_MEN_SOBEL/Sobel_design/synth/Sobel_design.v:85]
WARNING: [Synth 8-7071] port 'm_axi_sg_arcache' of module 'Sobel_design_axi_dma_0_0' is unconnected for instance 'axi_dma_0' [C:/Users/office/Desktop/X_MEN_SOBEL/Sobel_design/synth/Sobel_design.v:85]
WARNING: [Synth 8-7071] port 'm_axi_sg_arvalid' of module 'Sobel_design_axi_dma_0_0' is unconnected for instance 'axi_dma_0' [C:/Users/office/Desktop/X_MEN_SOBEL/Sobel_design/synth/Sobel_design.v:85]
WARNING: [Synth 8-7071] port 'm_axi_sg_rready' of module 'Sobel_design_axi_dma_0_0' is unconnected for instance 'axi_dma_0' [C:/Users/office/Desktop/X_MEN_SOBEL/Sobel_design/synth/Sobel_design.v:85]
WARNING: [Synth 8-7071] port 'm_axi_mm2s_araddr' of module 'Sobel_design_axi_dma_0_0' is unconnected for instance 'axi_dma_0' [C:/Users/office/Desktop/X_MEN_SOBEL/Sobel_design/synth/Sobel_design.v:85]
WARNING: [Synth 8-7071] port 'm_axi_mm2s_arlen' of module 'Sobel_design_axi_dma_0_0' is unconnected for instance 'axi_dma_0' [C:/Users/office/Desktop/X_MEN_SOBEL/Sobel_design/synth/Sobel_design.v:85]
WARNING: [Synth 8-7071] port 'm_axi_mm2s_arsize' of module 'Sobel_design_axi_dma_0_0' is unconnected for instance 'axi_dma_0' [C:/Users/office/Desktop/X_MEN_SOBEL/Sobel_design/synth/Sobel_design.v:85]
WARNING: [Synth 8-7071] port 'm_axi_mm2s_arburst' of module 'Sobel_design_axi_dma_0_0' is unconnected for instance 'axi_dma_0' [C:/Users/office/Desktop/X_MEN_SOBEL/Sobel_design/synth/Sobel_design.v:85]
WARNING: [Synth 8-7071] port 'm_axi_mm2s_arprot' of module 'Sobel_design_axi_dma_0_0' is unconnected for instance 'axi_dma_0' [C:/Users/office/Desktop/X_MEN_SOBEL/Sobel_design/synth/Sobel_design.v:85]
WARNING: [Synth 8-7071] port 'm_axi_mm2s_arcache' of module 'Sobel_design_axi_dma_0_0' is unconnected for instance 'axi_dma_0' [C:/Users/office/Desktop/X_MEN_SOBEL/Sobel_design/synth/Sobel_design.v:85]
WARNING: [Synth 8-7071] port 'm_axi_mm2s_arvalid' of module 'Sobel_design_axi_dma_0_0' is unconnected for instance 'axi_dma_0' [C:/Users/office/Desktop/X_MEN_SOBEL/Sobel_design/synth/Sobel_design.v:85]
WARNING: [Synth 8-7071] port 'm_axi_mm2s_rready' of module 'Sobel_design_axi_dma_0_0' is unconnected for instance 'axi_dma_0' [C:/Users/office/Desktop/X_MEN_SOBEL/Sobel_design/synth/Sobel_design.v:85]
WARNING: [Synth 8-7071] port 'mm2s_prmry_reset_out_n' of module 'Sobel_design_axi_dma_0_0' is unconnected for instance 'axi_dma_0' [C:/Users/office/Desktop/X_MEN_SOBEL/Sobel_design/synth/Sobel_design.v:85]
WARNING: [Synth 8-7071] port 'mm2s_cntrl_reset_out_n' of module 'Sobel_design_axi_dma_0_0' is unconnected for instance 'axi_dma_0' [C:/Users/office/Desktop/X_MEN_SOBEL/Sobel_design/synth/Sobel_design.v:85]
WARNING: [Synth 8-7071] port 'm_axis_mm2s_cntrl_tdata' of module 'Sobel_design_axi_dma_0_0' is unconnected for instance 'axi_dma_0' [C:/Users/office/Desktop/X_MEN_SOBEL/Sobel_design/synth/Sobel_design.v:85]
WARNING: [Synth 8-7071] port 'm_axis_mm2s_cntrl_tkeep' of module 'Sobel_design_axi_dma_0_0' is unconnected for instance 'axi_dma_0' [C:/Users/office/Desktop/X_MEN_SOBEL/Sobel_design/synth/Sobel_design.v:85]
WARNING: [Synth 8-7071] port 'm_axis_mm2s_cntrl_tvalid' of module 'Sobel_design_axi_dma_0_0' is unconnected for instance 'axi_dma_0' [C:/Users/office/Desktop/X_MEN_SOBEL/Sobel_design/synth/Sobel_design.v:85]
WARNING: [Synth 8-7071] port 'm_axis_mm2s_cntrl_tlast' of module 'Sobel_design_axi_dma_0_0' is unconnected for instance 'axi_dma_0' [C:/Users/office/Desktop/X_MEN_SOBEL/Sobel_design/synth/Sobel_design.v:85]
WARNING: [Synth 8-7071] port 'm_axi_s2mm_awaddr' of module 'Sobel_design_axi_dma_0_0' is unconnected for instance 'axi_dma_0' [C:/Users/office/Desktop/X_MEN_SOBEL/Sobel_design/synth/Sobel_design.v:85]
WARNING: [Synth 8-7071] port 'm_axi_s2mm_awlen' of module 'Sobel_design_axi_dma_0_0' is unconnected for instance 'axi_dma_0' [C:/Users/office/Desktop/X_MEN_SOBEL/Sobel_design/synth/Sobel_design.v:85]
WARNING: [Synth 8-7071] port 'm_axi_s2mm_awsize' of module 'Sobel_design_axi_dma_0_0' is unconnected for instance 'axi_dma_0' [C:/Users/office/Desktop/X_MEN_SOBEL/Sobel_design/synth/Sobel_design.v:85]
WARNING: [Synth 8-7071] port 'm_axi_s2mm_awburst' of module 'Sobel_design_axi_dma_0_0' is unconnected for instance 'axi_dma_0' [C:/Users/office/Desktop/X_MEN_SOBEL/Sobel_design/synth/Sobel_design.v:85]
WARNING: [Synth 8-7071] port 'm_axi_s2mm_awprot' of module 'Sobel_design_axi_dma_0_0' is unconnected for instance 'axi_dma_0' [C:/Users/office/Desktop/X_MEN_SOBEL/Sobel_design/synth/Sobel_design.v:85]
WARNING: [Synth 8-7071] port 'm_axi_s2mm_awcache' of module 'Sobel_design_axi_dma_0_0' is unconnected for instance 'axi_dma_0' [C:/Users/office/Desktop/X_MEN_SOBEL/Sobel_design/synth/Sobel_design.v:85]
WARNING: [Synth 8-7071] port 'm_axi_s2mm_awvalid' of module 'Sobel_design_axi_dma_0_0' is unconnected for instance 'axi_dma_0' [C:/Users/office/Desktop/X_MEN_SOBEL/Sobel_design/synth/Sobel_design.v:85]
WARNING: [Synth 8-7071] port 'm_axi_s2mm_wdata' of module 'Sobel_design_axi_dma_0_0' is unconnected for instance 'axi_dma_0' [C:/Users/office/Desktop/X_MEN_SOBEL/Sobel_design/synth/Sobel_design.v:85]
WARNING: [Synth 8-7071] port 'm_axi_s2mm_wstrb' of module 'Sobel_design_axi_dma_0_0' is unconnected for instance 'axi_dma_0' [C:/Users/office/Desktop/X_MEN_SOBEL/Sobel_design/synth/Sobel_design.v:85]
WARNING: [Synth 8-7071] port 'm_axi_s2mm_wlast' of module 'Sobel_design_axi_dma_0_0' is unconnected for instance 'axi_dma_0' [C:/Users/office/Desktop/X_MEN_SOBEL/Sobel_design/synth/Sobel_design.v:85]
WARNING: [Synth 8-7071] port 'm_axi_s2mm_wvalid' of module 'Sobel_design_axi_dma_0_0' is unconnected for instance 'axi_dma_0' [C:/Users/office/Desktop/X_MEN_SOBEL/Sobel_design/synth/Sobel_design.v:85]
WARNING: [Synth 8-7071] port 'm_axi_s2mm_bready' of module 'Sobel_design_axi_dma_0_0' is unconnected for instance 'axi_dma_0' [C:/Users/office/Desktop/X_MEN_SOBEL/Sobel_design/synth/Sobel_design.v:85]
WARNING: [Synth 8-7071] port 's2mm_prmry_reset_out_n' of module 'Sobel_design_axi_dma_0_0' is unconnected for instance 'axi_dma_0' [C:/Users/office/Desktop/X_MEN_SOBEL/Sobel_design/synth/Sobel_design.v:85]
WARNING: [Synth 8-7071] port 's2mm_sts_reset_out_n' of module 'Sobel_design_axi_dma_0_0' is unconnected for instance 'axi_dma_0' [C:/Users/office/Desktop/X_MEN_SOBEL/Sobel_design/synth/Sobel_design.v:85]
WARNING: [Synth 8-7071] port 's_axis_s2mm_sts_tready' of module 'Sobel_design_axi_dma_0_0' is unconnected for instance 'axi_dma_0' [C:/Users/office/Desktop/X_MEN_SOBEL/Sobel_design/synth/Sobel_design.v:85]
WARNING: [Synth 8-7071] port 'mm2s_introut' of module 'Sobel_design_axi_dma_0_0' is unconnected for instance 'axi_dma_0' [C:/Users/office/Desktop/X_MEN_SOBEL/Sobel_design/synth/Sobel_design.v:85]
WARNING: [Synth 8-7071] port 's2mm_introut' of module 'Sobel_design_axi_dma_0_0' is unconnected for instance 'axi_dma_0' [C:/Users/office/Desktop/X_MEN_SOBEL/Sobel_design/synth/Sobel_design.v:85]
WARNING: [Synth 8-7071] port 'axi_dma_tstvec' of module 'Sobel_design_axi_dma_0_0' is unconnected for instance 'axi_dma_0' [C:/Users/office/Desktop/X_MEN_SOBEL/Sobel_design/synth/Sobel_design.v:85]
WARNING: [Synth 8-7023] instance 'axi_dma_0' of module 'Sobel_design_axi_dma_0_0' has 106 connections declared, but only 54 given [C:/Users/office/Desktop/X_MEN_SOBEL/Sobel_design/synth/Sobel_design.v:85]
INFO: [Synth 8-6157] synthesizing module 'Sobel_design_axi_smc_0' [C:/Users/office/Desktop/X_MEN_SOBEL/Sobel_Bd_X-Men/Sobel_Bd_X-Men.runs/synth_1/.Xil/Vivado-86604-DESKTOP-PREBUPB/realtime/Sobel_design_axi_smc_0_stub.v:6]
INFO: [Synth 8-6155] done synthesizing module 'Sobel_design_axi_smc_0' (0#1) [C:/Users/office/Desktop/X_MEN_SOBEL/Sobel_Bd_X-Men/Sobel_Bd_X-Men.runs/synth_1/.Xil/Vivado-86604-DESKTOP-PREBUPB/realtime/Sobel_design_axi_smc_0_stub.v:6]
WARNING: [Synth 8-7071] port 'M00_AXI_awprot' of module 'Sobel_design_axi_smc_0' is unconnected for instance 'axi_smc' [C:/Users/office/Desktop/X_MEN_SOBEL/Sobel_design/synth/Sobel_design.v:140]
WARNING: [Synth 8-7071] port 'M00_AXI_wstrb' of module 'Sobel_design_axi_smc_0' is unconnected for instance 'axi_smc' [C:/Users/office/Desktop/X_MEN_SOBEL/Sobel_design/synth/Sobel_design.v:140]
WARNING: [Synth 8-7071] port 'M00_AXI_arprot' of module 'Sobel_design_axi_smc_0' is unconnected for instance 'axi_smc' [C:/Users/office/Desktop/X_MEN_SOBEL/Sobel_design/synth/Sobel_design.v:140]
WARNING: [Synth 8-7023] instance 'axi_smc' of module 'Sobel_design_axi_smc_0' has 59 connections declared, but only 56 given [C:/Users/office/Desktop/X_MEN_SOBEL/Sobel_design/synth/Sobel_design.v:140]
INFO: [Synth 8-6157] synthesizing module 'Sobel_design_proc_sys_reset_0_0' [C:/Users/office/Desktop/X_MEN_SOBEL/Sobel_Bd_X-Men/Sobel_Bd_X-Men.runs/synth_1/.Xil/Vivado-86604-DESKTOP-PREBUPB/realtime/Sobel_design_proc_sys_reset_0_0_stub.v:6]
INFO: [Synth 8-6155] done synthesizing module 'Sobel_design_proc_sys_reset_0_0' (0#1) [C:/Users/office/Desktop/X_MEN_SOBEL/Sobel_Bd_X-Men/Sobel_Bd_X-Men.runs/synth_1/.Xil/Vivado-86604-DESKTOP-PREBUPB/realtime/Sobel_design_proc_sys_reset_0_0_stub.v:6]
WARNING: [Synth 8-7071] port 'mb_reset' of module 'Sobel_design_proc_sys_reset_0_0' is unconnected for instance 'proc_sys_reset_0' [C:/Users/office/Desktop/X_MEN_SOBEL/Sobel_design/synth/Sobel_design.v:197]
WARNING: [Synth 8-7071] port 'bus_struct_reset' of module 'Sobel_design_proc_sys_reset_0_0' is unconnected for instance 'proc_sys_reset_0' [C:/Users/office/Desktop/X_MEN_SOBEL/Sobel_design/synth/Sobel_design.v:197]
WARNING: [Synth 8-7071] port 'peripheral_reset' of module 'Sobel_design_proc_sys_reset_0_0' is unconnected for instance 'proc_sys_reset_0' [C:/Users/office/Desktop/X_MEN_SOBEL/Sobel_design/synth/Sobel_design.v:197]
WARNING: [Synth 8-7071] port 'interconnect_aresetn' of module 'Sobel_design_proc_sys_reset_0_0' is unconnected for instance 'proc_sys_reset_0' [C:/Users/office/Desktop/X_MEN_SOBEL/Sobel_design/synth/Sobel_design.v:197]
WARNING: [Synth 8-7023] instance 'proc_sys_reset_0' of module 'Sobel_design_proc_sys_reset_0_0' has 10 connections declared, but only 6 given [C:/Users/office/Desktop/X_MEN_SOBEL/Sobel_design/synth/Sobel_design.v:197]
INFO: [Synth 8-6157] synthesizing module 'Sobel_design_processing_system7_0_0' [C:/Users/office/Desktop/X_MEN_SOBEL/Sobel_Bd_X-Men/Sobel_Bd_X-Men.runs/synth_1/.Xil/Vivado-86604-DESKTOP-PREBUPB/realtime/Sobel_design_processing_system7_0_0_stub.v:6]
INFO: [Synth 8-6155] done synthesizing module 'Sobel_design_processing_system7_0_0' (0#1) [C:/Users/office/Desktop/X_MEN_SOBEL/Sobel_Bd_X-Men/Sobel_Bd_X-Men.runs/synth_1/.Xil/Vivado-86604-DESKTOP-PREBUPB/realtime/Sobel_design_processing_system7_0_0_stub.v:6]
WARNING: [Synth 8-7071] port 'MIO' of module 'Sobel_design_processing_system7_0_0' is unconnected for instance 'processing_system7_0' [C:/Users/office/Desktop/X_MEN_SOBEL/Sobel_design/synth/Sobel_design.v:204]
WARNING: [Synth 8-7071] port 'DDR_CAS_n' of module 'Sobel_design_processing_system7_0_0' is unconnected for instance 'processing_system7_0' [C:/Users/office/Desktop/X_MEN_SOBEL/Sobel_design/synth/Sobel_design.v:204]
WARNING: [Synth 8-7071] port 'DDR_CKE' of module 'Sobel_design_processing_system7_0_0' is unconnected for instance 'processing_system7_0' [C:/Users/office/Desktop/X_MEN_SOBEL/Sobel_design/synth/Sobel_design.v:204]
WARNING: [Synth 8-7071] port 'DDR_Clk_n' of module 'Sobel_design_processing_system7_0_0' is unconnected for instance 'processing_system7_0' [C:/Users/office/Desktop/X_MEN_SOBEL/Sobel_design/synth/Sobel_design.v:204]
WARNING: [Synth 8-7071] port 'DDR_Clk' of module 'Sobel_design_processing_system7_0_0' is unconnected for instance 'processing_system7_0' [C:/Users/office/Desktop/X_MEN_SOBEL/Sobel_design/synth/Sobel_design.v:204]
WARNING: [Synth 8-7071] port 'DDR_CS_n' of module 'Sobel_design_processing_system7_0_0' is unconnected for instance 'processing_system7_0' [C:/Users/office/Desktop/X_MEN_SOBEL/Sobel_design/synth/Sobel_design.v:204]
WARNING: [Synth 8-7071] port 'DDR_DRSTB' of module 'Sobel_design_processing_system7_0_0' is unconnected for instance 'processing_system7_0' [C:/Users/office/Desktop/X_MEN_SOBEL/Sobel_design/synth/Sobel_design.v:204]
WARNING: [Synth 8-7071] port 'DDR_ODT' of module 'Sobel_design_processing_system7_0_0' is unconnected for instance 'processing_system7_0' [C:/Users/office/Desktop/X_MEN_SOBEL/Sobel_design/synth/Sobel_design.v:204]
WARNING: [Synth 8-7071] port 'DDR_RAS_n' of module 'Sobel_design_processing_system7_0_0' is unconnected for instance 'processing_system7_0' [C:/Users/office/Desktop/X_MEN_SOBEL/Sobel_design/synth/Sobel_design.v:204]
WARNING: [Synth 8-7071] port 'DDR_WEB' of module 'Sobel_design_processing_system7_0_0' is unconnected for instance 'processing_system7_0' [C:/Users/office/Desktop/X_MEN_SOBEL/Sobel_design/synth/Sobel_design.v:204]
WARNING: [Synth 8-7071] port 'DDR_BankAddr' of module 'Sobel_design_processing_system7_0_0' is unconnected for instance 'processing_system7_0' [C:/Users/office/Desktop/X_MEN_SOBEL/Sobel_design/synth/Sobel_design.v:204]
WARNING: [Synth 8-7071] port 'DDR_Addr' of module 'Sobel_design_processing_system7_0_0' is unconnected for instance 'processing_system7_0' [C:/Users/office/Desktop/X_MEN_SOBEL/Sobel_design/synth/Sobel_design.v:204]
WARNING: [Synth 8-7071] port 'DDR_VRN' of module 'Sobel_design_processing_system7_0_0' is unconnected for instance 'processing_system7_0' [C:/Users/office/Desktop/X_MEN_SOBEL/Sobel_design/synth/Sobel_design.v:204]
WARNING: [Synth 8-7071] port 'DDR_VRP' of module 'Sobel_design_processing_system7_0_0' is unconnected for instance 'processing_system7_0' [C:/Users/office/Desktop/X_MEN_SOBEL/Sobel_design/synth/Sobel_design.v:204]
WARNING: [Synth 8-7071] port 'DDR_DM' of module 'Sobel_design_processing_system7_0_0' is unconnected for instance 'processing_system7_0' [C:/Users/office/Desktop/X_MEN_SOBEL/Sobel_design/synth/Sobel_design.v:204]
WARNING: [Synth 8-7071] port 'DDR_DQ' of module 'Sobel_design_processing_system7_0_0' is unconnected for instance 'processing_system7_0' [C:/Users/office/Desktop/X_MEN_SOBEL/Sobel_design/synth/Sobel_design.v:204]
WARNING: [Synth 8-7071] port 'DDR_DQS_n' of module 'Sobel_design_processing_system7_0_0' is unconnected for instance 'processing_system7_0' [C:/Users/office/Desktop/X_MEN_SOBEL/Sobel_design/synth/Sobel_design.v:204]
WARNING: [Synth 8-7071] port 'DDR_DQS' of module 'Sobel_design_processing_system7_0_0' is unconnected for instance 'processing_system7_0' [C:/Users/office/Desktop/X_MEN_SOBEL/Sobel_design/synth/Sobel_design.v:204]
WARNING: [Synth 8-7071] port 'PS_SRSTB' of module 'Sobel_design_processing_system7_0_0' is unconnected for instance 'processing_system7_0' [C:/Users/office/Desktop/X_MEN_SOBEL/Sobel_design/synth/Sobel_design.v:204]
WARNING: [Synth 8-7071] port 'PS_CLK' of module 'Sobel_design_processing_system7_0_0' is unconnected for instance 'processing_system7_0' [C:/Users/office/Desktop/X_MEN_SOBEL/Sobel_design/synth/Sobel_design.v:204]
WARNING: [Synth 8-7071] port 'PS_PORB' of module 'Sobel_design_processing_system7_0_0' is unconnected for instance 'processing_system7_0' [C:/Users/office/Desktop/X_MEN_SOBEL/Sobel_design/synth/Sobel_design.v:204]
WARNING: [Synth 8-7023] instance 'processing_system7_0' of module 'Sobel_design_processing_system7_0_0' has 62 connections declared, but only 41 given [C:/Users/office/Desktop/X_MEN_SOBEL/Sobel_design/synth/Sobel_design.v:204]
INFO: [Synth 8-6157] synthesizing module 'Sobel_design_sobel_0_0' [C:/Users/office/Desktop/X_MEN_SOBEL/Sobel_Bd_X-Men/Sobel_Bd_X-Men.runs/synth_1/.Xil/Vivado-86604-DESKTOP-PREBUPB/realtime/Sobel_design_sobel_0_0_stub.v:6]
INFO: [Synth 8-6155] done synthesizing module 'Sobel_design_sobel_0_0' (0#1) [C:/Users/office/Desktop/X_MEN_SOBEL/Sobel_Bd_X-Men/Sobel_Bd_X-Men.runs/synth_1/.Xil/Vivado-86604-DESKTOP-PREBUPB/realtime/Sobel_design_sobel_0_0_stub.v:6]
WARNING: [Synth 8-7071] port 'out_stream_TSTRB' of module 'Sobel_design_sobel_0_0' is unconnected for instance 'sobel_0' [C:/Users/office/Desktop/X_MEN_SOBEL/Sobel_design/synth/Sobel_design.v:246]
WARNING: [Synth 8-7071] port 'out_stream_TUSER' of module 'Sobel_design_sobel_0_0' is unconnected for instance 'sobel_0' [C:/Users/office/Desktop/X_MEN_SOBEL/Sobel_design/synth/Sobel_design.v:246]
WARNING: [Synth 8-7071] port 'out_stream_TID' of module 'Sobel_design_sobel_0_0' is unconnected for instance 'sobel_0' [C:/Users/office/Desktop/X_MEN_SOBEL/Sobel_design/synth/Sobel_design.v:246]
WARNING: [Synth 8-7071] port 'out_stream_TDEST' of module 'Sobel_design_sobel_0_0' is unconnected for instance 'sobel_0' [C:/Users/office/Desktop/X_MEN_SOBEL/Sobel_design/synth/Sobel_design.v:246]
WARNING: [Synth 8-7023] instance 'sobel_0' of module 'Sobel_design_sobel_0_0' has 20 connections declared, but only 16 given [C:/Users/office/Desktop/X_MEN_SOBEL/Sobel_design/synth/Sobel_design.v:246]
INFO: [Synth 8-6155] done synthesizing module 'Sobel_design' (0#1) [C:/Users/office/Desktop/X_MEN_SOBEL/Sobel_design/synth/Sobel_design.v:13]
INFO: [Synth 8-6155] done synthesizing module 'Sobel_design_wrapper' (0#1) [C:/Users/office/Desktop/X_MEN_SOBEL/Sobel_design/hdl/Sobel_design_wrapper.v:13]
---------------------------------------------------------------------------------
Finished RTL Elaboration : Time (s): cpu = 00:00:09 ; elapsed = 00:00:11 . Memory (MB): peak = 1254.297 ; gain = 581.098
---------------------------------------------------------------------------------
---------------------------------------------------------------------------------
Start Handling Custom Attributes
---------------------------------------------------------------------------------
---------------------------------------------------------------------------------
Finished Handling Custom Attributes : Time (s): cpu = 00:00:09 ; elapsed = 00:00:11 . Memory (MB): peak = 1254.297 ; gain = 581.098
---------------------------------------------------------------------------------
---------------------------------------------------------------------------------
Finished RTL Optimization Phase 1 : Time (s): cpu = 00:00:09 ; elapsed = 00:00:11 . Memory (MB): peak = 1254.297 ; gain = 581.098
---------------------------------------------------------------------------------
Netlist sorting complete. Time (s): cpu = 00:00:00 ; elapsed = 00:00:00.005 . Memory (MB): peak = 1254.297 ; gain = 0.000
INFO: [Project 1-570] Preparing netlist for logic optimization

Processing XDC Constraints
Initializing timing engine
Parsing XDC File [c:/Users/office/Desktop/X_MEN_SOBEL/Sobel_design/ip/Sobel_design_processing_system7_0_0/Sobel_design_processing_system7_0_0/Sobel_design_processing_system7_0_0_in_context.xdc] for cell 'Sobel_design_i/processing_system7_0'
Finished Parsing XDC File [c:/Users/office/Desktop/X_MEN_SOBEL/Sobel_design/ip/Sobel_design_processing_system7_0_0/Sobel_design_processing_system7_0_0/Sobel_design_processing_system7_0_0_in_context.xdc] for cell 'Sobel_design_i/processing_system7_0'
Parsing XDC File [c:/Users/office/Desktop/X_MEN_SOBEL/Sobel_design/ip/Sobel_design_axi_dma_0_0/Sobel_design_axi_dma_0_0/Sobel_design_axi_dma_0_0_in_context.xdc] for cell 'Sobel_design_i/axi_dma_0'
Finished Parsing XDC File [c:/Users/office/Desktop/X_MEN_SOBEL/Sobel_design/ip/Sobel_design_axi_dma_0_0/Sobel_design_axi_dma_0_0/Sobel_design_axi_dma_0_0_in_context.xdc] for cell 'Sobel_design_i/axi_dma_0'
Parsing XDC File [c:/Users/office/Desktop/X_MEN_SOBEL/Sobel_design/ip/Sobel_design_sobel_0_0/Sobel_design_sobel_0_0/Sobel_design_sobel_0_0_in_context.xdc] for cell 'Sobel_design_i/sobel_0'
Finished Parsing XDC File [c:/Users/office/Desktop/X_MEN_SOBEL/Sobel_design/ip/Sobel_design_sobel_0_0/Sobel_design_sobel_0_0/Sobel_design_sobel_0_0_in_context.xdc] for cell 'Sobel_design_i/sobel_0'
Parsing XDC File [c:/Users/office/Desktop/X_MEN_SOBEL/Sobel_design/ip/Sobel_design_proc_sys_reset_0_0/Sobel_design_proc_sys_reset_0_0/Sobel_design_proc_sys_reset_0_0_in_context.xdc] for cell 'Sobel_design_i/proc_sys_reset_0'
Finished Parsing XDC File [c:/Users/office/Desktop/X_MEN_SOBEL/Sobel_design/ip/Sobel_design_proc_sys_reset_0_0/Sobel_design_proc_sys_reset_0_0/Sobel_design_proc_sys_reset_0_0_in_context.xdc] for cell 'Sobel_design_i/proc_sys_reset_0'
Parsing XDC File [c:/Users/office/Desktop/X_MEN_SOBEL/Sobel_design/ip/Sobel_design_axi_smc_0/Sobel_design_axi_smc_0/Sobel_design_axi_smc_0_in_context.xdc] for cell 'Sobel_design_i/axi_smc'
Finished Parsing XDC File [c:/Users/office/Desktop/X_MEN_SOBEL/Sobel_design/ip/Sobel_design_axi_smc_0/Sobel_design_axi_smc_0/Sobel_design_axi_smc_0_in_context.xdc] for cell 'Sobel_design_i/axi_smc'
Parsing XDC File [C:/Users/office/Desktop/X_MEN_SOBEL/Sobel_Bd_X-Men/Sobel_Bd_X-Men.runs/synth_1/dont_touch.xdc]
Finished Parsing XDC File [C:/Users/office/Desktop/X_MEN_SOBEL/Sobel_Bd_X-Men/Sobel_Bd_X-Men.runs/synth_1/dont_touch.xdc]
Completed Processing XDC Constraints

Netlist sorting complete. Time (s): cpu = 00:00:00 ; elapsed = 00:00:00 . Memory (MB): peak = 1254.297 ; gain = 0.000
INFO: [Project 1-111] Unisim Transformation Summary:
No Unisim elements were transformed.

Constraint Validation Runtime : Time (s): cpu = 00:00:00 ; elapsed = 00:00:00.010 . Memory (MB): peak = 1254.297 ; gain = 0.000
INFO: [Designutils 20-5440] No compile time benefit to using incremental synthesis; A full resynthesis will be run
INFO: [Designutils 20-4379] Flow is switching to default flow due to incremental criteria not met. If you would like to alter this behaviour and have the flow terminate instead, please set the following parameter config_implementation {autoIncr.Synth.RejectBehavior Terminate}
---------------------------------------------------------------------------------
Finished Constraint Validation : Time (s): cpu = 00:00:20 ; elapsed = 00:00:22 . Memory (MB): peak = 1254.297 ; gain = 581.098
---------------------------------------------------------------------------------
---------------------------------------------------------------------------------
Start Loading Part and Timing Information
---------------------------------------------------------------------------------
Loading part: xc7z020clg400-1
---------------------------------------------------------------------------------
Finished Loading Part and Timing Information : Time (s): cpu = 00:00:20 ; elapsed = 00:00:22 . Memory (MB): peak = 1254.297 ; gain = 581.098
---------------------------------------------------------------------------------
---------------------------------------------------------------------------------
Start Applying 'set_property' XDC Constraints
---------------------------------------------------------------------------------
Applied set_property KEEP_HIERARCHY = SOFT for Sobel_design_i. (constraint file  auto generated constraint).
Applied set_property KEEP_HIERARCHY = SOFT for Sobel_design_i/processing_system7_0. (constraint file  auto generated constraint).
Applied set_property KEEP_HIERARCHY = SOFT for Sobel_design_i/axi_dma_0. (constraint file  auto generated constraint).
Applied set_property KEEP_HIERARCHY = SOFT for Sobel_design_i/sobel_0. (constraint file  auto generated constraint).
Applied set_property KEEP_HIERARCHY = SOFT for Sobel_design_i/proc_sys_reset_0. (constraint file  auto generated constraint).
Applied set_property KEEP_HIERARCHY = SOFT for Sobel_design_i/axi_smc. (constraint file  auto generated constraint).
---------------------------------------------------------------------------------
Finished applying 'set_property' XDC Constraints : Time (s): cpu = 00:00:20 ; elapsed = 00:00:22 . Memory (MB): peak = 1254.297 ; gain = 581.098
---------------------------------------------------------------------------------
---------------------------------------------------------------------------------
Finished RTL Optimization Phase 2 : Time (s): cpu = 00:00:20 ; elapsed = 00:00:23 . Memory (MB): peak = 1254.297 ; gain = 581.098
---------------------------------------------------------------------------------
---------------------------------------------------------------------------------
Start RTL Component Statistics 
---------------------------------------------------------------------------------
Detailed RTL Component Info : 
---------------------------------------------------------------------------------
Finished RTL Component Statistics 
---------------------------------------------------------------------------------
---------------------------------------------------------------------------------
Start Part Resource Summary
---------------------------------------------------------------------------------
Part Resources:
DSPs: 220 (col length:60)
BRAMs: 280 (col length: RAMB18 60 RAMB36 30)
---------------------------------------------------------------------------------
Finished Part Resource Summary
---------------------------------------------------------------------------------
---------------------------------------------------------------------------------
Start Cross Boundary and Area Optimization
---------------------------------------------------------------------------------
WARNING: [Synth 8-7080] Parallel synthesis criteria is not met
---------------------------------------------------------------------------------
Finished Cross Boundary and Area Optimization : Time (s): cpu = 00:00:23 ; elapsed = 00:00:26 . Memory (MB): peak = 1257.539 ; gain = 584.340
---------------------------------------------------------------------------------
---------------------------------------------------------------------------------
Start Applying XDC Timing Constraints
---------------------------------------------------------------------------------
---------------------------------------------------------------------------------
Finished Applying XDC Timing Constraints : Time (s): cpu = 00:00:30 ; elapsed = 00:00:33 . Memory (MB): peak = 1430.086 ; gain = 756.887
---------------------------------------------------------------------------------
---------------------------------------------------------------------------------
Start Timing Optimization
---------------------------------------------------------------------------------
---------------------------------------------------------------------------------
Finished Timing Optimization : Time (s): cpu = 00:00:30 ; elapsed = 00:00:33 . Memory (MB): peak = 1430.086 ; gain = 756.887
---------------------------------------------------------------------------------
---------------------------------------------------------------------------------
Start Technology Mapping
---------------------------------------------------------------------------------
---------------------------------------------------------------------------------
Finished Technology Mapping : Time (s): cpu = 00:00:30 ; elapsed = 00:00:33 . Memory (MB): peak = 1440.289 ; gain = 767.090
---------------------------------------------------------------------------------
---------------------------------------------------------------------------------
Start IO Insertion
---------------------------------------------------------------------------------
---------------------------------------------------------------------------------
Start Flattening Before IO Insertion
---------------------------------------------------------------------------------
---------------------------------------------------------------------------------
Finished Flattening Before IO Insertion
---------------------------------------------------------------------------------
---------------------------------------------------------------------------------
Start Final Netlist Cleanup
---------------------------------------------------------------------------------
---------------------------------------------------------------------------------
Finished Final Netlist Cleanup
---------------------------------------------------------------------------------
---------------------------------------------------------------------------------
Finished IO Insertion : Time (s): cpu = 00:00:35 ; elapsed = 00:00:38 . Memory (MB): peak = 1656.566 ; gain = 983.367
---------------------------------------------------------------------------------
---------------------------------------------------------------------------------
Start Renaming Generated Instances
---------------------------------------------------------------------------------
---------------------------------------------------------------------------------
Finished Renaming Generated Instances : Time (s): cpu = 00:00:35 ; elapsed = 00:00:38 . Memory (MB): peak = 1656.566 ; gain = 983.367
---------------------------------------------------------------------------------
---------------------------------------------------------------------------------
Start Rebuilding User Hierarchy
---------------------------------------------------------------------------------
---------------------------------------------------------------------------------
Finished Rebuilding User Hierarchy : Time (s): cpu = 00:00:35 ; elapsed = 00:00:38 . Memory (MB): peak = 1656.566 ; gain = 983.367
---------------------------------------------------------------------------------
---------------------------------------------------------------------------------
Start Renaming Generated Ports
---------------------------------------------------------------------------------
---------------------------------------------------------------------------------
Finished Renaming Generated Ports : Time (s): cpu = 00:00:35 ; elapsed = 00:00:38 . Memory (MB): peak = 1656.566 ; gain = 983.367
---------------------------------------------------------------------------------
---------------------------------------------------------------------------------
Start Handling Custom Attributes
---------------------------------------------------------------------------------
---------------------------------------------------------------------------------
Finished Handling Custom Attributes : Time (s): cpu = 00:00:35 ; elapsed = 00:00:38 . Memory (MB): peak = 1656.566 ; gain = 983.367
---------------------------------------------------------------------------------
---------------------------------------------------------------------------------
Start Renaming Generated Nets
---------------------------------------------------------------------------------
---------------------------------------------------------------------------------
Finished Renaming Generated Nets : Time (s): cpu = 00:00:35 ; elapsed = 00:00:38 . Memory (MB): peak = 1656.566 ; gain = 983.367
---------------------------------------------------------------------------------
---------------------------------------------------------------------------------
Start Writing Synthesis Report
---------------------------------------------------------------------------------

Report BlackBoxes: 
+------+------------------------------------+----------+
|      |BlackBox name                       |Instances |
+------+------------------------------------+----------+
|1     |Sobel_design_axi_dma_0_0            |         1|
|2     |Sobel_design_axi_smc_0              |         1|
|3     |Sobel_design_proc_sys_reset_0_0     |         1|
|4     |Sobel_design_processing_system7_0_0 |         1|
|5     |Sobel_design_sobel_0_0              |         1|
+------+------------------------------------+----------+

Report Cell Usage: 
+------+----------------------------------+------+
|      |Cell                              |Count |
+------+----------------------------------+------+
|1     |Sobel_design_axi_dma_0            |     1|
|2     |Sobel_design_axi_smc              |     1|
|3     |Sobel_design_proc_sys_reset_0     |     1|
|4     |Sobel_design_processing_system7_0 |     1|
|5     |Sobel_design_sobel_0              |     1|
+------+----------------------------------+------+
---------------------------------------------------------------------------------
Finished Writing Synthesis Report : Time (s): cpu = 00:00:35 ; elapsed = 00:00:38 . Memory (MB): peak = 1656.566 ; gain = 983.367
---------------------------------------------------------------------------------
Synthesis finished with 0 errors, 0 critical warnings and 1 warnings.
Synthesis Optimization Runtime : Time (s): cpu = 00:00:23 ; elapsed = 00:00:36 . Memory (MB): peak = 1656.566 ; gain = 983.367
Synthesis Optimization Complete : Time (s): cpu = 00:00:35 ; elapsed = 00:00:39 . Memory (MB): peak = 1656.566 ; gain = 983.367
INFO: [Project 1-571] Translating synthesized netlist
Netlist sorting complete. Time (s): cpu = 00:00:00 ; elapsed = 00:00:00.005 . Memory (MB): peak = 1656.566 ; gain = 0.000
INFO: [Project 1-570] Preparing netlist for logic optimization
INFO: [Opt 31-138] Pushed 0 inverter(s) to 0 load pin(s).
Netlist sorting complete. Time (s): cpu = 00:00:00 ; elapsed = 00:00:00 . Memory (MB): peak = 1656.566 ; gain = 0.000
INFO: [Project 1-111] Unisim Transformation Summary:
No Unisim elements were transformed.

Synth Design complete | Checksum: 14ef80b0
INFO: [Common 17-83] Releasing license: Synthesis
35 Infos, 90 Warnings, 0 Critical Warnings and 0 Errors encountered.
synth_design completed successfully
synth_design: Time (s): cpu = 00:00:40 ; elapsed = 00:00:49 . Memory (MB): peak = 1656.566 ; gain = 1219.309
INFO: [Common 17-1381] The checkpoint 'C:/Users/office/Desktop/X_MEN_SOBEL/Sobel_Bd_X-Men/Sobel_Bd_X-Men.runs/synth_1/Sobel_design_wrapper.dcp' has been generated.
INFO: [Vivado 12-24828] Executing command : report_utilization -file Sobel_design_wrapper_utilization_synth.rpt -pb Sobel_design_wrapper_utilization_synth.pb
INFO: [Common 17-206] Exiting Vivado at Fri May  2 03:17:08 2025...
