05/01/25 02:08:18: Running xcd server. This server was built by gradle.
05/01/25 02:08:18: Server was asked to start on port: '62832'
05/01/25 02:08:18: Server is using token UUID: 'a2bac823-9a11-4391-b802-d899f90116fe'
05/01/25 02:08:19: SESSION_MGR: creating session with session uuid: '6d04a3e9-ade5-4ab9-8d63-1f78fcd2ec76' and name 'default'
05/01/25 02:08:19: Attempting to start server on port '62832'
05/01/25 02:08:19: Running Dispatch Server
05/01/25 02:08:19: Version 2.2.0
05/01/25 02:08:20: Dispatch Server: Accepted socket connection from client
05/01/25 02:08:20: Starting Socket connection
05/01/25 02:08:20: EXCHANGE_TOKEN received, server token: a2bac823-9a11-4391-b802-d899f90116fe, passed token: a2bac823-9a11-4391-b802-d899f90116fe
05/01/25 02:08:20: DISPATCH_HANDLER: Adding handler from function makeHandler in library xv_system_diagram
05/01/25 02:08:20: SESSION_MGR: creating session with session uuid: '50b0f44b-48c9-4473-850d-460a9af53d1c' and name 'v++_compile_sobel'
05/01/25 02:08:20: KERNEL_SVC: creating session with uuid: '50b0f44b-48c9-4473-850d-460a9af53d1c' and name 'v++_compile_sobel'
05/01/25 02:08:20: GUIDANCE_SMGR: creating guidance session with uuid: '50b0f44b-48c9-4473-850d-460a9af53d1c' and name 'v++_compile_sobel'
05/01/25 02:08:20: SYSTEM_DIAGRAM: creating session with uuid: '50b0f44b-48c9-4473-850d-460a9af53d1c' and name 'v++_compile_sobel'
05/01/25 02:08:27: Dispatch Server: Accepted socket connection from client
05/01/25 02:08:27: Starting Socket connection
05/01/25 02:08:30: SESSION_MGR: closing session for UUID '50b0f44b-48c9-4473-850d-460a9af53d1c' with name 'v++_compile_sobel'
05/01/25 02:08:30: KERNEL_SVC: closing session for UUID '50b0f44b-48c9-4473-850d-460a9af53d1c' with name 'v++_compile_sobel'
05/01/25 02:08:30: GUIDANCE_SMGR: closing session for UUID '50b0f44b-48c9-4473-850d-460a9af53d1c' with name 'v++_compile_sobel'
05/01/25 02:08:30: SYSTEM_DIAGRAM: closing session for UUID '50b0f44b-48c9-4473-850d-460a9af53d1c' with name 'v++_compile_sobel'
05/01/25 02:08:30: STOP_SERVER received, server token: a2bac823-9a11-4391-b802-d899f90116fe, passed token: a2bac823-9a11-4391-b802-d899f90116fe
05/01/25 02:08:30: Socket received request to stop server.
05/01/25 02:08:30: Dispatch Server: do_await_stop
05/01/25 02:08:30: SERVER: destructor for server bound to port 62832
05/01/25 02:10:41: Running xcd server. This server was built by gradle.
05/01/25 02:10:41: Server was asked to start on port: '61609'
05/01/25 02:10:41: Server is using token UUID: '559019a2-3881-4cd3-9519-57897fb4809e'
05/01/25 02:10:41: SESSION_MGR: creating session with session uuid: '6d04a3e9-ade5-4ab9-8d63-1f78fcd2ec76' and name 'default'
05/01/25 02:10:41: Attempting to start server on port '61609'
05/01/25 02:10:41: Running Dispatch Server
05/01/25 02:10:41: Version 2.2.0
05/01/25 02:10:42: Dispatch Server: Accepted socket connection from client
05/01/25 02:10:42: Starting Socket connection
05/01/25 02:10:42: EXCHANGE_TOKEN received, server token: 559019a2-3881-4cd3-9519-57897fb4809e, passed token: 559019a2-3881-4cd3-9519-57897fb4809e
05/01/25 02:10:42: DISPATCH_HANDLER: Adding handler from function makeHandler in library xv_system_diagram
05/01/25 02:10:42: SESSION_MGR: creating session with session uuid: 'fa4596c2-b9ef-44f6-a8c2-ef73804ddb22' and name 'v++_compile_sobel'
05/01/25 02:10:42: KERNEL_SVC: creating session with uuid: 'fa4596c2-b9ef-44f6-a8c2-ef73804ddb22' and name 'v++_compile_sobel'
05/01/25 02:10:42: GUIDANCE_SMGR: creating guidance session with uuid: 'fa4596c2-b9ef-44f6-a8c2-ef73804ddb22' and name 'v++_compile_sobel'
05/01/25 02:10:42: SYSTEM_DIAGRAM: creating session with uuid: 'fa4596c2-b9ef-44f6-a8c2-ef73804ddb22' and name 'v++_compile_sobel'
05/01/25 02:10:49: Dispatch Server: Accepted socket connection from client
05/01/25 02:10:49: Starting Socket connection
05/01/25 02:11:15: SESSION_MGR: closing session for UUID 'fa4596c2-b9ef-44f6-a8c2-ef73804ddb22' with name 'v++_compile_sobel'
05/01/25 02:11:15: KERNEL_SVC: closing session for UUID 'fa4596c2-b9ef-44f6-a8c2-ef73804ddb22' with name 'v++_compile_sobel'
05/01/25 02:11:15: GUIDANCE_SMGR: closing session for UUID 'fa4596c2-b9ef-44f6-a8c2-ef73804ddb22' with name 'v++_compile_sobel'
05/01/25 02:11:15: SYSTEM_DIAGRAM: closing session for UUID 'fa4596c2-b9ef-44f6-a8c2-ef73804ddb22' with name 'v++_compile_sobel'
05/01/25 02:11:15: STOP_SERVER received, server token: 559019a2-3881-4cd3-9519-57897fb4809e, passed token: 559019a2-3881-4cd3-9519-57897fb4809e
05/01/25 02:11:15: Socket received request to stop server.
05/01/25 02:11:15: Dispatch Server: do_await_stop
05/01/25 02:11:15: SERVER: destructor for server bound to port 61609
